[constructor.cooperblack.ru/index.html]
[backblue.gif]
[fade.gif]
[index.html]
[constructor.cooperblack.ru/assets/59171d0fdc386687ef6c12743035057f.png]
[constructor.cooperblack.ru/1.41852cbedc8f624aaf15.css]
[use.fontawesome.com/releases/v5.0.13/css/all.css]
[constructor.cooperblack.ru/main.41852cbedc8f624aaf15.css]
[constructor.cooperblack.ru/assets/bf7577560db15001ccf53f4b3d9ceb97.png]
[constructor.cooperblack.ru/assets/485ba393b062f88ea89a6d01a686fa48.png]
[constructor.cooperblack.ru/assets/76c54b301880defeda2ffc1c14d28bad.png]
[constructor.cooperblack.ru/assets/6cb0a3e92266098f5a7e0234d59ad970.png]
[constructor.cooperblack.ru/assets/472c042848c7cba7318ddaaf54056820.jpg]
[constructor.cooperblack.ru/assets/514849e6edb387372bdfc1996e80f135.jpg]
[constructor.cooperblack.ru/assets/e60e0426a34ea0bbe3c435b62855ff7d.jpg]
[constructor.cooperblack.ru/assets/3c306a2503ff191c4b6cee9e00e793e7.jpg]
[constructor.cooperblack.ru/assets/2f38197f8f7182edc622f8ba58995e95.jpg]
[constructor.cooperblack.ru/assets/3a674eb5efd8feafb61be94dde04caf7.jpg]
[constructor.cooperblack.ru/assets/d5c7b885cb7aa6bbe474fafb42922d55.jpg]
[constructor.cooperblack.ru/assets/b9c88af5d4b1cea84e0fb1e5ed51bbf8.jpg]
[constructor.cooperblack.ru/assets/b67d2f003428b37cc4374f8393dd7eea.jpg]
[constructor.cooperblack.ru/assets/894c62402c8fe41136e9aae3d462ec69.jpg]
[constructor.cooperblack.ru/assets/ad87c62c770678874abb028f82789696.png]
[constructor.cooperblack.ru/assets/bf0edec01ba793992a9f051a526e687c.png]
[constructor.cooperblack.ru/index.html]
[constructor.cooperblack.ru/bundle.js]
[use.fontawesome.com/releases/v5.0.13/css/all.css]
[constructor.cooperblack.ru/assets/c5cd7f5300576ab4c88202b42f6ded62.gif]
[constructor.cooperblack.ru/assets/ced611daf7709cc778da928fec876475.eot]
[constructor.cooperblack.ru/assets/ced611daf7709cc778da928fec876475d41d.eot]
[constructor.cooperblack.ru/assets/b7c9e1e479de3b53f1e4e30ebac2403a.woff]
[constructor.cooperblack.ru/assets/d41f55a78e6f49a5512878df1737e58a.ttf]
[constructor.cooperblack.ru/1.41852cbedc8f624aaf15.css]
[constructor.cooperblack.ru/assets/f97e3bbf73254b0112091d0192f17aec.svg]
[constructor.cooperblack.ru/assets/70a2a910fbdef626e7fa16e1660bd519.eot]
[constructor.cooperblack.ru/assets/a238a5c0102f4f46496f88603ef96414.woff]
[constructor.cooperblack.ru/assets/70a2a910fbdef626e7fa16e1660bd519d41d.eot]
[constructor.cooperblack.ru/1.bundle.js]
[constructor.cooperblack.ru/assets/fb1b73f40266d87c2bf80af26a1aa2d0.eot]
[constructor.cooperblack.ru/assets/62a834d7d1f24a1693d48eadc339bd2d.ttf]
[constructor.cooperblack.ru/assets/fb1b73f40266d87c2bf80af26a1aa2d0d41d.eot]
[constructor.cooperblack.ru/assets/01c2633db70dcdca5e68b86f6104b792.woff]
[constructor.cooperblack.ru/assets/576ba1b36745c06b8afa573bee71ef97.eot]
[constructor.cooperblack.ru/assets/a50efee18fb76b21e09007215a48707a.ttf]
[constructor.cooperblack.ru/assets/576ba1b36745c06b8afa573bee71ef97d41d.eot]
[constructor.cooperblack.ru/assets/069a5df1967940e36cf8307ae312bfe2.woff]
[constructor.cooperblack.ru/assets/68c226128388181382f4e4c8aff8d25e.png]
[constructor.cooperblack.ru/assets/2e443c1c14aca4d46644c8c137130dba.png]
[constructor.cooperblack.ru/assets/efdaba47352613031f3be447d4a957e1.png]
[constructor.cooperblack.ru/assets/7647e336da000636032275949719ad62.ttf]
[constructor.cooperblack.ru/assets/a4ba247774a3b42f90ae94b1f4814291.png]
[constructor.cooperblack.ru/assets/4c1ddee3dcb0cf54ed32ad4aac22f1c1.png]
[constructor.cooperblack.ru/assets/5bcce212bb66367baf6104830ba0f897.jpg]
[constructor.cooperblack.ru/assets/9ba48d1770c59d54133afd6c4063fdeb.png]
[constructor.cooperblack.ru/assets/2da3c58107a3e133cdfce4646fe071bf.png]
[constructor.cooperblack.ru/main.41852cbedc8f624aaf15.css]
[constructor.cooperblack.ru/assets/f97e3bbf73254b0112091d0192f17aec.svg]
